[backblue.gif]
[fade.gif]
[index.html]
[localhost_6677/LineCharts/Basic.html]
[localhost_6677/index.html]
[localhost_6677/Scripts/jquery.js]
[localhost_6677/Content/styles/js/bootstrap.min.js]
[code.highcharts.com/highcharts-more.js]
[localhost_6677/Content/styles.css]
[code.highcharts.com/modules/data.js]
[localhost_6677/LineCharts/AjaxLoadedClickablePoints.html]
[localhost_6677/LineCharts/WithDataLabels.html]
[localhost_6677/LineCharts/TimeSeries.html]
[code.highcharts.com/modules/exporting.js]
[localhost_6677/LineCharts/SplineInverted.html]
[localhost_6677/LineCharts/SplineWithSymbols.html]
[localhost_6677/LineCharts/SplineWithPlotBands.html]
[localhost_6677/LineCharts/SplineIrregularTime.html]
[localhost_6677/LineCharts/LogarithmicAxis.html]
[localhost_6677/AreaCharts/Basic.html]
[localhost_6677/AreaCharts/Negative.html]
[localhost_6677/AreaCharts/Stacked.html]
[localhost_6677/AreaCharts/Percentage.html]
[localhost_6677/AreaCharts/MissingPoints.html]
[localhost_6677/AreaCharts/InvertedAxes.html]
[localhost_6677/AreaCharts/Areaspline.html]
[localhost_6677/AreaCharts/Arearange.html]
[localhost_6677/AreaCharts/ArearangeWithLine.html]
[localhost_6677/ColumnAndBarCharts/BasicBar.html]
[localhost_6677/ColumnAndBarCharts/StackedBar.html]
[localhost_6677/ColumnAndBarCharts/BarWithNegatives.html]
[localhost_6677/ColumnAndBarCharts/BasicColumn.html]
[localhost_6677/ColumnAndBarCharts/ColumnWithNegatives.html]
[localhost_6677/ColumnAndBarCharts/StackedColumn.html]
[localhost_6677/ColumnAndBarCharts/StackedGroupedColumn.html]
[localhost_6677/ColumnAndBarCharts/StackedPercentageColumn.html]
[localhost_6677/ColumnAndBarCharts/RotatedLabelsColumn.html]
[localhost_6677/LineCharts/Basic.html]
[localhost_6677/Content/styles/fonts/bootstrap/glyphicons-halflings-regulard32b.eot]
[code.highcharts.com/highcharts.js]
[buttons.github.io/buttons.js]
[localhost_6677/Content/styles/fonts/bootstrap/glyphicons-halflings-regularcf2f.eot]
[localhost_6677/Content/styles/fonts/bootstrap/glyphicons-halflings-regulard32b.woff]
[localhost_6677/Content/styles/fonts/bootstrap/glyphicons-halflings-regulard32b.ttf]
[localhost_6677/Content/styles.css]
[localhost_6677/Content/styles/imgs/logo.svg]
[localhost_6677/LineCharts/AjaxLoadedClickablePoints.html]
[localhost_6677/LineCharts/WithDataLabels.html]
[localhost_6677/LineCharts/TimeSeries.html]
[localhost_6677/LineCharts/SplineInverted.html]
[localhost_6677/LineCharts/SplineWithSymbols.html]
[localhost_6677/LineCharts/SplineWithPlotBands.html]
[localhost_6677/LineCharts/SplineIrregularTime.html]
[localhost_6677/LineCharts/LogarithmicAxis.html]
[localhost_6677/AreaCharts/Basic.html]
[localhost_6677/AreaCharts/Negative.html]
[localhost_6677/AreaCharts/Stacked.html]
[localhost_6677/AreaCharts/Percentage.html]
[localhost_6677/AreaCharts/MissingPoints.html]
[localhost_6677/AreaCharts/InvertedAxes.html]
[localhost_6677/AreaCharts/Areaspline.html]
[localhost_6677/AreaCharts/Arearange.html]
[localhost_6677/AreaCharts/ArearangeWithLine.html]
[localhost_6677/ColumnAndBarCharts/BasicBar.html]
[localhost_6677/ColumnAndBarCharts/StackedBar.html]
[localhost_6677/ColumnAndBarCharts/BarWithNegatives.html]
[localhost_6677/ColumnAndBarCharts/BasicColumn.html]
[localhost_6677/ColumnAndBarCharts/ColumnWithNegatives.html]
[localhost_6677/ColumnAndBarCharts/StackedColumn.html]
[localhost_6677/ColumnAndBarCharts/StackedGroupedColumn.html]
[localhost_6677/ColumnAndBarCharts/StackedPercentageColumn.html]
[localhost_6677/ColumnAndBarCharts/RotatedLabelsColumn.html]
[localhost_6677/Content/styles/fonts/bootstrap/glyphicons-halflings-regulard32b.html]
[localhost_6677/Content/styles/fonts/bootstrap/glyphicons-halflings-regulard32b.svg]
